2026-07-15 14:31:55.239659 Abteilung Entwicklung wurde zum Unternehmen Print GmbH hinzugefügt.
2026-07-15 14:31:55.273693 Abteilung Vertrieb wurde zum Unternehmen Print GmbH hinzugefügt.
2026-07-15 14:31:55.274521 Abteilung Produktion wurde zum Unternehmen Print GmbH hinzugefügt.
2026-07-15 14:31:55.275111 Abteilung Buchhaltung wurde zum Unternehmen Print GmbH hinzugefügt.
2026-07-15 14:31:55.280756 Mitarbeiter Tunahan wurde zur Abteilung Produktion hinzugefügt.
2026-07-15 14:31:55.282149 Mitarbeiter Anne wurde zur Abteilung Produktion hinzugefügt.
2026-07-15 14:31:55.282900 Mitarbeiter Katja wurde zur Abteilung Produktion hinzugefügt.
2026-07-15 14:31:55.284950 Mitarbeiter Mohamad wurde zur Abteilung Produktion hinzugefügt.
2026-07-15 14:31:55.286302 Mitarbeiter Sebastian wurde zur Abteilung Produktion hinzugefügt.
2026-07-15 14:31:55.287018 Mitarbeiter Ihor wurde zur Abteilung Produktion hinzugefügt.
2026-07-15 14:31:55.287573 Mitarbeiter Ruwen wurde zur Abteilung Entwicklung hinzugefügt.
2026-07-15 14:31:55.288350 Mitarbeiter Nataliya wurde zur Abteilung Vertrieb hinzugefügt.
2026-07-15 14:31:55.288944 Mitarbeiter Andreas wurde zur Abteilung Buchhaltung hinzugefügt.
2026-07-15 14:31:55.289925 Mitarbeiter Efkan wurde zur Abteilung Buchhaltung hinzugefügt.
2026-07-15 14:33:47.729974 Abteilung Entwicklung wurde zum Unternehmen Print GmbH hinzugefügt.
2026-07-15 14:33:47.759325 Abteilung Vertrieb wurde zum Unternehmen Print GmbH hinzugefügt.
2026-07-15 14:33:47.759912 Abteilung Produktion wurde zum Unternehmen Print GmbH hinzugefügt.
2026-07-15 14:33:47.760405 Abteilung Buchhaltung wurde zum Unternehmen Print GmbH hinzugefügt.
2026-07-15 14:33:47.764739 Mitarbeiter Tunahan wurde zur Abteilung Produktion hinzugefügt.
2026-07-15 14:33:47.765767 Mitarbeiter Anne wurde zur Abteilung Produktion hinzugefügt.
2026-07-15 14:33:47.766255 Mitarbeiter Katja wurde zur Abteilung Produktion hinzugefügt.
2026-07-15 14:33:47.766711 Mitarbeiter Mohamad wurde zur Abteilung Produktion hinzugefügt.
2026-07-15 14:33:47.767155 Mitarbeiter Sebastian wurde zur Abteilung Produktion hinzugefügt.
2026-07-15 14:33:47.767708 Mitarbeiter Ihor wurde zur Abteilung Produktion hinzugefügt.
2026-07-15 14:33:47.768189 Mitarbeiter Ruwen wurde zur Abteilung Entwicklung hinzugefügt.
2026-07-15 14:33:47.768563 Mitarbeiter Nataliya wurde zur Abteilung Vertrieb hinzugefügt.
2026-07-15 14:33:47.768938 Mitarbeiter Andreas wurde zur Abteilung Buchhaltung hinzugefügt.
2026-07-15 14:33:47.769362 Mitarbeiter Efkan wurde zur Abteilung Buchhaltung hinzugefügt.
