14.07.2026 13:00:08: Abteilung Entwicklung wurde zum Unternehmen Print GmbH hinzugefügt.
14.07.2026 13:00:08: Abteilung Vertrieb wurde zum Unternehmen Print GmbH hinzugefügt.
14.07.2026 13:00:08: Abteilung Produktion wurde zum Unternehmen Print GmbH hinzugefügt.
14.07.2026 13:00:08: Abteilung Buchhaltung wurde zum Unternehmen Print GmbH hinzugefügt.
14.07.2026 13:00:08: Mitarbeiter Tunahan wurde zur Abteilung Produktion hinzugefügt.
14.07.2026 13:00:08: Mitarbeiter Anne wurde zur Abteilung Produktion hinzugefügt.
14.07.2026 13:00:08: Mitarbeiter Katja wurde zur Abteilung Produktion hinzugefügt.
14.07.2026 13:00:08: Mitarbeiter Mohamad wurde zur Abteilung Produktion hinzugefügt.
14.07.2026 13:00:08: Mitarbeiter Sebastian wurde zur Abteilung Produktion hinzugefügt.
14.07.2026 13:00:08: Mitarbeiter Ihor wurde zur Abteilung Produktion hinzugefügt.
14.07.2026 13:00:08: Mitarbeiter Ruwen wurde zur Abteilung Entwicklung hinzugefügt.
14.07.2026 13:00:08: Mitarbeiter Nataliya wurde zur Abteilung Vertrieb hinzugefügt.
14.07.2026 13:00:08: Mitarbeiter Andreas wurde zur Abteilung Buchhaltung hinzugefügt.
14.07.2026 13:00:08: Mitarbeiter Efkan wurde zur Abteilung Buchhaltung hinzugefügt.
14.07.2026 14:13:28: Abteilung Entwicklung wurde zum Unternehmen Print GmbH hinzugefügt.
14.07.2026 14:13:28: Abteilung Vertrieb wurde zum Unternehmen Print GmbH hinzugefügt.
14.07.2026 14:13:28: Abteilung Produktion wurde zum Unternehmen Print GmbH hinzugefügt.
14.07.2026 14:13:28: Abteilung Buchhaltung wurde zum Unternehmen Print GmbH hinzugefügt.
14.07.2026 14:13:28: Mitarbeiter Tunahan wurde zur Abteilung Produktion hinzugefügt.
14.07.2026 14:13:28: Mitarbeiter Anne wurde zur Abteilung Produktion hinzugefügt.
14.07.2026 14:13:28: Mitarbeiter Katja wurde zur Abteilung Produktion hinzugefügt.
14.07.2026 14:13:28: Mitarbeiter Mohamad wurde zur Abteilung Produktion hinzugefügt.
14.07.2026 14:13:28: Mitarbeiter Sebastian wurde zur Abteilung Produktion hinzugefügt.
14.07.2026 14:13:28: Mitarbeiter Ihor wurde zur Abteilung Produktion hinzugefügt.
14.07.2026 14:13:28: Mitarbeiter Ruwen wurde zur Abteilung Entwicklung hinzugefügt.
14.07.2026 14:13:28: Mitarbeiter Nataliya wurde zur Abteilung Vertrieb hinzugefügt.
14.07.2026 14:13:28: Mitarbeiter Andreas wurde zur Abteilung Buchhaltung hinzugefügt.
14.07.2026 14:13:28: Mitarbeiter Efkan wurde zur Abteilung Buchhaltung hinzugefügt.
